----------------------------------------------------
Starting GNOME AI Assistant Test Script
Timestamp: Sat Jun 21 03:59:46 UTC 2025
----------------------------------------------------
Error: 'python' directory not found. Make sure you are in the LINUXGNOMEOSAGENT root.
----------------------------------------------------
Starting GNOME AI Assistant Test Script
Timestamp: Sat Jun 21 04:00:26 UTC 2025
----------------------------------------------------
Error: 'python' directory not found. Make sure you are in the LINUXGNOMEOSAGENT root.
